{
  "id": "19349",
  "title": "this \"reset tablet\" option does not work as expected.",
  "isPinned": false,
  "isFirstTopic": false,
  "tags": [],
  "forumTopics": []
}